[2025-07-26T06:11:47.998Z] [INFO] [CPQ-Toolset-v3:server] Starting CPQ Toolset v3... {"nodeVersion":"v20.11.1","platform":"darwin","isBundled":false,"extensionRoot":"/Users/aviraldhodi/Downloads/Extension 2","runtimeDir":"/Users/aviraldhodi/Downloads/Extension 2"}
[2025-07-26T06:11:48.000Z] [INFO] [CPQ-Toolset-v3:server] Loaded shared routes
[2025-07-26T06:11:48.001Z] [INFO] [CPQ-Toolset-v3:server] Loading routes for 2 apps: data-comparison, permissions-analyser
[2025-07-26T06:11:48.001Z] [INFO] [CPQ-Toolset-v3:server] Checking routes for data-comparison: {"appPath":"/Users/aviraldhodi/Downloads/Extension 2/apps/data-comparison","routesPath":"/Users/aviraldhodi/Downloads/Extension 2/apps/data-comparison/routes/index.js","exists":true}
[2025-07-26T06:11:48.195Z] [INFO] [CPQ-Toolset-v3:server] Found system Python: python3 (Python 3.13.5)
[2025-07-26T06:11:48.196Z] [INFO] [CPQ-Toolset-v3:server] Successfully loaded routes for app: data-comparison
[2025-07-26T06:11:48.196Z] [INFO] [CPQ-Toolset-v3:server] Checking routes for permissions-analyser: {"appPath":"/Users/aviraldhodi/Downloads/Extension 2/apps/permissions-analyser","routesPath":"/Users/aviraldhodi/Downloads/Extension 2/apps/permissions-analyser/routes/index.js","exists":true}
[2025-07-26T06:11:48.199Z] [INFO] [CPQ-Toolset-v3:server] Successfully loaded routes for app: permissions-analyser
[2025-07-26T06:11:48.200Z] [INFO] [CPQ-Toolset-v3:server] CPQ Toolset v3 running on http://localhost:3030
[2025-07-26T06:11:48.201Z] [INFO] [CPQ-Toolset-v3:server] Extension root: /Users/aviraldhodi/Downloads/Extension 2
[2025-07-26T06:11:48.201Z] [INFO] [CPQ-Toolset-v3:server] Runtime directory: /Users/aviraldhodi/Downloads/Extension 2
[2025-07-26T06:11:48.201Z] [INFO] [CPQ-Toolset-v3:server] Bundled mode: false
[2025-07-26T06:13:53.554Z] [INFO] [CPQ-Toolset-v3:server] GET /health 200 - 0ms {"method":"GET","url":"/health","statusCode":200,"duration":0,"ip":"::1","responseSize":176}
[2025-07-26T06:13:58.344Z] [INFO] [CPQ-Toolset-v3:server] GET /utils/get-apps 200 - 2ms {"method":"GET","url":"/utils/get-apps","statusCode":200,"duration":2,"ip":"::1","responseSize":353}
[2025-07-26T06:14:02.721Z] [WARN] [CPQ-Toolset-v3:server] 404 Not Found: /data-comparison/api/orgs
[2025-07-26T06:14:02.721Z] [ERROR] [CPQ-Toolset-v3:server] GET /data-comparison/api/orgs 404 - 1ms {"method":"GET","url":"/data-comparison/api/orgs","statusCode":404,"duration":1,"ip":"::1","responseSize":155}
[2025-07-26T06:14:08.033Z] [WARN] [CPQ-Toolset-v3:server] 404 Not Found: /debug/routes
[2025-07-26T06:14:08.033Z] [ERROR] [CPQ-Toolset-v3:server] GET /debug/routes 404 - 0ms {"method":"GET","url":"/debug/routes","statusCode":404,"duration":0,"ip":"::1","responseSize":143}
[2025-07-26T06:14:13.091Z] [WARN] [CPQ-Toolset-v3:server] 404 Not Found: /debug/routes
[2025-07-26T06:14:13.092Z] [ERROR] [CPQ-Toolset-v3:server] GET /debug/routes 404 - 1ms {"method":"GET","url":"/debug/routes","statusCode":404,"duration":1,"ip":"::1","responseSize":143}
[2025-07-26T06:14:18.178Z] [INFO] [CPQ-Toolset-v3:server] Component welcome: hasExternalScript=false, jsLength=12345
[2025-07-26T06:14:18.179Z] [INFO] [CPQ-Toolset-v3:server] HEAD /data-comparison/ 200 - 2ms {"method":"HEAD","url":"/data-comparison/","statusCode":200,"duration":2,"ip":"::1","responseSize":26985}
[2025-07-26T06:14:23.814Z] [INFO] [CPQ-Toolset-v3:server] Permissions Analyser: HEAD /
[2025-07-26T06:14:23.815Z] [INFO] [CPQ-Toolset-v3:server] HEAD /permissions-analyser/ 200 - 1ms {"method":"HEAD","url":"/permissions-analyser/","statusCode":200,"duration":1,"ip":"::1","responseSize":17117}
[2025-07-26T06:14:28.468Z] [INFO] [CPQ-Toolset-v3:server] GET / 200 - 0ms {"method":"GET","url":"/","statusCode":200,"duration":0,"ip":"::1","responseSize":5733}
[2025-07-26T06:14:34.070Z] [INFO] [CPQ-Toolset-v3:server] HEAD /shared/assets/spinner-fix.css 200 - 1ms {"method":"HEAD","url":"/shared/assets/spinner-fix.css","statusCode":200,"duration":1,"ip":"::1","responseSize":1167}
[2025-07-26T06:14:39.259Z] [INFO] [CPQ-Toolset-v3:server] SIGTERM received, starting graceful shutdown...
[2025-07-26T06:14:39.260Z] [INFO] [CPQ-Toolset-v3:server] HTTP server closed
[2025-07-26T18:41:46.390Z] [INFO] [CPQ-Toolset-v3:server] Starting CPQ Toolset v3... {"nodeVersion":"v20.11.1","platform":"darwin","isBundled":false,"extensionRoot":"/Users/aviraldhodi/Downloads/Extension 2","runtimeDir":"/Users/aviraldhodi/Downloads/Extension 2"}
[2025-07-26T18:41:46.392Z] [INFO] [CPQ-Toolset-v3:server] Loaded shared routes
[2025-07-26T18:41:46.392Z] [INFO] [CPQ-Toolset-v3:server] Loading routes for 2 apps: data-comparison, permissions-analyser
[2025-07-26T18:41:46.393Z] [INFO] [CPQ-Toolset-v3:server] Checking routes for data-comparison: {"appPath":"/Users/aviraldhodi/Downloads/Extension 2/apps/data-comparison","routesPath":"/Users/aviraldhodi/Downloads/Extension 2/apps/data-comparison/routes/index.js","exists":true}
[2025-07-26T18:41:46.608Z] [INFO] [CPQ-Toolset-v3:server] Found system Python: python3 (Python 3.13.5)
[2025-07-26T18:41:46.610Z] [INFO] [CPQ-Toolset-v3:server] Successfully loaded routes for app: data-comparison
[2025-07-26T18:41:46.610Z] [INFO] [CPQ-Toolset-v3:server] Checking routes for permissions-analyser: {"appPath":"/Users/aviraldhodi/Downloads/Extension 2/apps/permissions-analyser","routesPath":"/Users/aviraldhodi/Downloads/Extension 2/apps/permissions-analyser/routes/index.js","exists":true}
[2025-07-26T18:41:46.611Z] [INFO] [CPQ-Toolset-v3:server] Successfully loaded routes for app: permissions-analyser
[2025-07-26T18:41:46.614Z] [INFO] [CPQ-Toolset-v3:server] CPQ Toolset v3 running on http://localhost:3030
[2025-07-26T18:41:46.615Z] [INFO] [CPQ-Toolset-v3:server] Extension root: /Users/aviraldhodi/Downloads/Extension 2
[2025-07-26T18:41:46.615Z] [INFO] [CPQ-Toolset-v3:server] Runtime directory: /Users/aviraldhodi/Downloads/Extension 2
[2025-07-26T18:41:46.615Z] [INFO] [CPQ-Toolset-v3:server] Bundled mode: false
[2025-07-26T18:41:52.137Z] [INFO] [CPQ-Toolset-v3:server] GET / 200 - 1ms {"method":"GET","url":"/","statusCode":200,"duration":1,"ip":"::1","responseSize":5733}
[2025-07-26T18:41:52.147Z] [INFO] [CPQ-Toolset-v3:server] GET /shared/assets/spinner-fix.css 200 - 3ms {"method":"GET","url":"/shared/assets/spinner-fix.css","statusCode":200,"duration":3,"ip":"::1","responseSize":1167}
[2025-07-26T18:41:52.151Z] [INFO] [CPQ-Toolset-v3:server] GET /shared/assets/slds/icons/standard-sprite/svg/symbols.svg 200 - 2ms {"method":"GET","url":"/shared/assets/slds/icons/standard-sprite/svg/symbols.svg","statusCode":200,"duration":2,"ip":"::1","responseSize":375836}
[2025-07-26T18:41:52.164Z] [INFO] [CPQ-Toolset-v3:server] GET /shared/assets/slds/styles/salesforce-lightning-design-system.min.css 200 - 11ms {"method":"GET","url":"/shared/assets/slds/styles/salesforce-lightning-design-system.min.css","statusCode":200,"duration":11,"ip":"::1","responseSize":873772}
[2025-07-26T18:41:54.902Z] [INFO] [CPQ-Toolset-v3:server] Component welcome: hasExternalScript=false, jsLength=12345
[2025-07-26T18:41:54.903Z] [INFO] [CPQ-Toolset-v3:server] GET /data-comparison 200 - 3ms {"method":"GET","url":"/data-comparison","statusCode":200,"duration":3,"ip":"::1","responseSize":26985}
[2025-07-26T18:41:54.923Z] [INFO] [CPQ-Toolset-v3:server] GET /health 200 - 1ms {"method":"GET","url":"/health","statusCode":200,"duration":1,"ip":"::1","responseSize":177}
[2025-07-26T18:41:54.928Z] [INFO] [CPQ-Toolset-v3:server] GET /shared/assets/slds/icons/utility-sprite/svg/symbols.svg 200 - 3ms {"method":"GET","url":"/shared/assets/slds/icons/utility-sprite/svg/symbols.svg","statusCode":200,"duration":3,"ip":"::1","responseSize":345898}
[2025-07-26T18:44:01.815Z] [INFO] [CPQ-Toolset-v3:server] Starting CPQ Toolset v3... {"nodeVersion":"v20.11.1","platform":"darwin","isBundled":false,"extensionRoot":"/Users/aviraldhodi/Downloads/Extension 2","runtimeDir":"/Users/aviraldhodi/Downloads/Extension 2"}
[2025-07-26T18:44:01.817Z] [INFO] [CPQ-Toolset-v3:server] Loaded shared routes
[2025-07-26T18:44:01.818Z] [INFO] [CPQ-Toolset-v3:server] Loading routes for 2 apps: data-comparison, permissions-analyser
[2025-07-26T18:44:01.818Z] [INFO] [CPQ-Toolset-v3:server] Checking routes for data-comparison: {"appPath":"/Users/aviraldhodi/Downloads/Extension 2/apps/data-comparison","routesPath":"/Users/aviraldhodi/Downloads/Extension 2/apps/data-comparison/routes/index.js","exists":true}
[2025-07-26T18:44:01.848Z] [INFO] [CPQ-Toolset-v3:server] Found system Python: python3 (Python 3.13.5)
[2025-07-26T18:44:01.849Z] [INFO] [CPQ-Toolset-v3:server] Successfully loaded routes for app: data-comparison
[2025-07-26T18:44:01.850Z] [INFO] [CPQ-Toolset-v3:server] Checking routes for permissions-analyser: {"appPath":"/Users/aviraldhodi/Downloads/Extension 2/apps/permissions-analyser","routesPath":"/Users/aviraldhodi/Downloads/Extension 2/apps/permissions-analyser/routes/index.js","exists":true}
[2025-07-26T18:44:01.851Z] [INFO] [CPQ-Toolset-v3:server] Successfully loaded routes for app: permissions-analyser
[2025-07-26T18:44:01.853Z] [INFO] [CPQ-Toolset-v3:server] CPQ Toolset v3 running on http://localhost:3030
[2025-07-26T18:44:01.853Z] [INFO] [CPQ-Toolset-v3:server] Extension root: /Users/aviraldhodi/Downloads/Extension 2
[2025-07-26T18:44:01.853Z] [INFO] [CPQ-Toolset-v3:server] Runtime directory: /Users/aviraldhodi/Downloads/Extension 2
[2025-07-26T18:44:01.853Z] [INFO] [CPQ-Toolset-v3:server] Bundled mode: false
[2025-07-26T18:44:07.924Z] [INFO] [CPQ-Toolset-v3:server] Component welcome: hasExternalScript=false, jsLength=12345
[2025-07-26T18:44:07.925Z] [INFO] [CPQ-Toolset-v3:server] GET /data-comparison 200 - 5ms {"method":"GET","url":"/data-comparison","statusCode":200,"duration":5,"ip":"::1","responseSize":26985}
[2025-07-26T18:44:07.961Z] [INFO] [CPQ-Toolset-v3:server] GET /health 200 - 0ms {"method":"GET","url":"/health","statusCode":200,"duration":0,"ip":"::1","responseSize":177}
[2025-07-26T18:44:13.327Z] [INFO] [CPQ-Toolset-v3:server] POST /data-comparison/api/config/upload 200 - 14ms {"method":"POST","url":"/data-comparison/api/config/upload","statusCode":200,"duration":14,"ip":"::1","responseSize":1740}
[2025-07-26T18:44:14.860Z] [INFO] [CPQ-Toolset-v3:server] Starting data fetch for comparison comp_1753555454859_65e85396
[2025-07-26T18:44:14.861Z] [INFO] [CPQ-Toolset-v3:server] Using GraphQL fetcher for comparison comp_1753555454859_65e85396
[2025-07-26T18:44:14.863Z] [ERROR] [CPQ-Toolset-v3:server] Comparison comp_1753555454859_65e85396 failed:
[2025-07-26T18:44:14.863Z] [INFO] [CPQ-Toolset-v3:server] POST /data-comparison/api/comparison/start 200 - 5ms {"method":"POST","url":"/data-comparison/api/comparison/start","statusCode":200,"duration":5,"ip":"::1","responseSize":173}
[2025-07-26T18:44:14.893Z] [INFO] [CPQ-Toolset-v3:server] Component comparisonStatus: hasExternalScript=false, jsLength=26702
[2025-07-26T18:44:14.895Z] [INFO] [CPQ-Toolset-v3:server] GET /data-comparison/comparison-status?comparisonId=comp_1753555454859_65e85396 200 - 5ms {"method":"GET","url":"/data-comparison/comparison-status?comparisonId=comp_1753555454859_65e85396","statusCode":200,"duration":5,"ip":"::1","responseSize":48988}
[2025-07-26T18:44:14.911Z] [INFO] [CPQ-Toolset-v3:server] GET /data-comparison/components/comparisonStatus/index.css 200 - 0ms {"method":"GET","url":"/data-comparison/components/comparisonStatus/index.css","statusCode":200,"duration":0,"ip":"::1","responseSize":7865}
[2025-07-26T18:44:14.926Z] [INFO] [CPQ-Toolset-v3:server] GET /data-comparison/api/comparison/status/comp_1753555454859_65e85396 200 - 1ms {"method":"GET","url":"/data-comparison/api/comparison/status/comp_1753555454859_65e85396","statusCode":200,"duration":1,"ip":"::1","responseSize":403}
[2025-07-26T18:44:34.309Z] [WARN] [CPQ-Toolset-v3:server] 404 Not Found: /apple-touch-icon-precomposed.png
[2025-07-26T18:44:34.310Z] [ERROR] [CPQ-Toolset-v3:server] GET /apple-touch-icon-precomposed.png 404 - 2ms {"method":"GET","url":"/apple-touch-icon-precomposed.png","statusCode":404,"duration":2,"ip":"::1","responseSize":163}
[2025-07-26T18:44:34.314Z] [WARN] [CPQ-Toolset-v3:server] 404 Not Found: /apple-touch-icon.png
[2025-07-26T18:44:34.314Z] [ERROR] [CPQ-Toolset-v3:server] GET /apple-touch-icon.png 404 - 0ms {"method":"GET","url":"/apple-touch-icon.png","statusCode":404,"duration":0,"ip":"::1","responseSize":151}
[2025-07-26T18:44:34.316Z] [WARN] [CPQ-Toolset-v3:server] 404 Not Found: /favicon.ico
[2025-07-26T18:44:34.316Z] [ERROR] [CPQ-Toolset-v3:server] GET /favicon.ico 404 - 0ms {"method":"GET","url":"/favicon.ico","statusCode":404,"duration":0,"ip":"::1","responseSize":142}
[2025-07-26T18:48:29.173Z] [INFO] [CPQ-Toolset-v3:server] SIGINT received, starting graceful shutdown...
[2025-07-26T18:48:29.178Z] [INFO] [CPQ-Toolset-v3:server] HTTP server closed
[2025-07-26T18:48:31.645Z] [INFO] [CPQ-Toolset-v3:server] Starting CPQ Toolset v3... {"nodeVersion":"v20.11.1","platform":"darwin","isBundled":false,"extensionRoot":"/Users/aviraldhodi/Downloads/Extension 2","runtimeDir":"/Users/aviraldhodi/Downloads/Extension 2"}
[2025-07-26T18:48:31.648Z] [INFO] [CPQ-Toolset-v3:server] Loaded shared routes
[2025-07-26T18:48:31.648Z] [INFO] [CPQ-Toolset-v3:server] Loading routes for 2 apps: data-comparison, permissions-analyser
[2025-07-26T18:48:31.648Z] [INFO] [CPQ-Toolset-v3:server] Checking routes for data-comparison: {"appPath":"/Users/aviraldhodi/Downloads/Extension 2/apps/data-comparison","routesPath":"/Users/aviraldhodi/Downloads/Extension 2/apps/data-comparison/routes/index.js","exists":true}
[2025-07-26T18:48:31.681Z] [INFO] [CPQ-Toolset-v3:server] Found system Python: python3 (Python 3.13.5)
[2025-07-26T18:48:31.682Z] [INFO] [CPQ-Toolset-v3:server] Successfully loaded routes for app: data-comparison
[2025-07-26T18:48:31.682Z] [INFO] [CPQ-Toolset-v3:server] Checking routes for permissions-analyser: {"appPath":"/Users/aviraldhodi/Downloads/Extension 2/apps/permissions-analyser","routesPath":"/Users/aviraldhodi/Downloads/Extension 2/apps/permissions-analyser/routes/index.js","exists":true}
[2025-07-26T18:48:31.684Z] [INFO] [CPQ-Toolset-v3:server] Successfully loaded routes for app: permissions-analyser
[2025-07-26T18:48:31.686Z] [INFO] [CPQ-Toolset-v3:server] CPQ Toolset v3 running on http://localhost:3030
[2025-07-26T18:48:31.686Z] [INFO] [CPQ-Toolset-v3:server] Extension root: /Users/aviraldhodi/Downloads/Extension 2
[2025-07-26T18:48:31.687Z] [INFO] [CPQ-Toolset-v3:server] Runtime directory: /Users/aviraldhodi/Downloads/Extension 2
[2025-07-26T18:48:31.687Z] [INFO] [CPQ-Toolset-v3:server] Bundled mode: false
[2025-07-26T18:48:37.586Z] [INFO] [CPQ-Toolset-v3:server] Component welcome: hasExternalScript=false, jsLength=12345
[2025-07-26T18:48:37.587Z] [INFO] [CPQ-Toolset-v3:server] GET /data-comparison 200 - 3ms {"method":"GET","url":"/data-comparison","statusCode":200,"duration":3,"ip":"::1","responseSize":26985}
[2025-07-26T18:48:37.670Z] [INFO] [CPQ-Toolset-v3:server] GET /shared/assets/slds/styles/salesforce-lightning-design-system.min.css 200 - 5ms {"method":"GET","url":"/shared/assets/slds/styles/salesforce-lightning-design-system.min.css","statusCode":200,"duration":5,"ip":"::1","responseSize":873772}
[2025-07-26T18:48:37.677Z] [INFO] [CPQ-Toolset-v3:server] GET /shared/assets/spinner-fix.css 200 - 0ms {"method":"GET","url":"/shared/assets/spinner-fix.css","statusCode":200,"duration":0,"ip":"::1","responseSize":1167}
[2025-07-26T18:48:37.721Z] [INFO] [CPQ-Toolset-v3:server] GET /shared/assets/slds/icons/standard-sprite/svg/symbols.svg 200 - 1ms {"method":"GET","url":"/shared/assets/slds/icons/standard-sprite/svg/symbols.svg","statusCode":200,"duration":1,"ip":"::1","responseSize":375836}
[2025-07-26T18:48:37.725Z] [INFO] [CPQ-Toolset-v3:server] GET /shared/assets/slds/icons/utility-sprite/svg/symbols.svg 200 - 2ms {"method":"GET","url":"/shared/assets/slds/icons/utility-sprite/svg/symbols.svg","statusCode":200,"duration":2,"ip":"::1","responseSize":345898}
[2025-07-26T18:48:37.727Z] [INFO] [CPQ-Toolset-v3:server] GET /health 200 - 0ms {"method":"GET","url":"/health","statusCode":200,"duration":0,"ip":"::1","responseSize":174}
[2025-07-26T18:48:40.352Z] [INFO] [CPQ-Toolset-v3:server] Component configGenerator: hasExternalScript=false, jsLength=117007
[2025-07-26T18:48:40.353Z] [INFO] [CPQ-Toolset-v3:server] GET /data-comparison/config-generator 200 - 12ms {"method":"GET","url":"/data-comparison/config-generator","statusCode":200,"duration":12,"ip":"::1","responseSize":173627}
[2025-07-26T18:48:40.386Z] [INFO] [CPQ-Toolset-v3:server] GET /shared/assets/slds/styles/salesforce-lightning-design-system.min.css 200 - 2ms {"method":"GET","url":"/shared/assets/slds/styles/salesforce-lightning-design-system.min.css","statusCode":200,"duration":2,"ip":"::1","responseSize":873772}
[2025-07-26T18:48:40.394Z] [INFO] [CPQ-Toolset-v3:server] GET /data-comparison/components/configGenerator/improved-index-clean.css 200 - 1ms {"method":"GET","url":"/data-comparison/components/configGenerator/improved-index-clean.css","statusCode":200,"duration":1,"ip":"::1","responseSize":1920}
[2025-07-26T18:48:40.433Z] [INFO] [CPQ-Toolset-v3:server] GET /shared/assets/slds/icons/standard-sprite/svg/symbols.svg 200 - 0ms {"method":"GET","url":"/shared/assets/slds/icons/standard-sprite/svg/symbols.svg","statusCode":200,"duration":0,"ip":"::1","responseSize":375836}
[2025-07-26T18:48:40.436Z] [INFO] [CPQ-Toolset-v3:server] GET /shared/assets/slds/icons/utility-sprite/svg/symbols.svg 200 - 0ms {"method":"GET","url":"/shared/assets/slds/icons/utility-sprite/svg/symbols.svg","statusCode":200,"duration":0,"ip":"::1","responseSize":345898}
[2025-07-26T18:48:40.462Z] [INFO] [CPQ-Toolset-v3:server] Fetching authenticated organizations
[2025-07-26T18:48:41.077Z] [INFO] [CPQ-Toolset-v3:server] Detected Salesforce CLI: sf
[2025-07-26T18:48:48.381Z] [INFO] [CPQ-Toolset-v3:server] Found 5 authenticated organizations
[2025-07-26T18:48:48.381Z] [INFO] [CPQ-Toolset-v3:server] GET /data-comparison/api/data-comparison/orgs 200 - 7919ms {"method":"GET","url":"/data-comparison/api/data-comparison/orgs","statusCode":200,"duration":7919,"ip":"::1","responseSize":1329}
[2025-07-26T18:48:49.420Z] [INFO] [CPQ-Toolset-v3:server] Component welcome: hasExternalScript=false, jsLength=12345
[2025-07-26T18:48:49.421Z] [INFO] [CPQ-Toolset-v3:server] GET /data-comparison 200 - 3ms {"method":"GET","url":"/data-comparison","statusCode":200,"duration":3,"ip":"::1","responseSize":26985}
[2025-07-26T18:48:49.449Z] [INFO] [CPQ-Toolset-v3:server] GET /shared/assets/slds/styles/salesforce-lightning-design-system.min.css 200 - 2ms {"method":"GET","url":"/shared/assets/slds/styles/salesforce-lightning-design-system.min.css","statusCode":200,"duration":2,"ip":"::1","responseSize":873772}
[2025-07-26T18:48:49.458Z] [INFO] [CPQ-Toolset-v3:server] GET /shared/assets/spinner-fix.css 200 - 1ms {"method":"GET","url":"/shared/assets/spinner-fix.css","statusCode":200,"duration":1,"ip":"::1","responseSize":1167}
[2025-07-26T18:48:49.503Z] [INFO] [CPQ-Toolset-v3:server] GET /shared/assets/slds/icons/standard-sprite/svg/symbols.svg 200 - 1ms {"method":"GET","url":"/shared/assets/slds/icons/standard-sprite/svg/symbols.svg","statusCode":200,"duration":1,"ip":"::1","responseSize":375836}
[2025-07-26T18:48:49.506Z] [INFO] [CPQ-Toolset-v3:server] GET /shared/assets/slds/icons/utility-sprite/svg/symbols.svg 200 - 0ms {"method":"GET","url":"/shared/assets/slds/icons/utility-sprite/svg/symbols.svg","statusCode":200,"duration":0,"ip":"::1","responseSize":345898}
[2025-07-26T18:48:49.507Z] [INFO] [CPQ-Toolset-v3:server] GET /health 200 - 0ms {"method":"GET","url":"/health","statusCode":200,"duration":0,"ip":"::1","responseSize":178}
[2025-07-26T18:48:57.936Z] [INFO] [CPQ-Toolset-v3:server] POST /data-comparison/api/config/upload 200 - 11ms {"method":"POST","url":"/data-comparison/api/config/upload","statusCode":200,"duration":11,"ip":"::1","responseSize":1730}
[2025-07-26T18:48:59.467Z] [INFO] [CPQ-Toolset-v3:server] Starting data fetch for comparison comp_1753555739466_8912291e
[2025-07-26T18:48:59.468Z] [INFO] [CPQ-Toolset-v3:server] Using GraphQL fetcher for comparison comp_1753555739466_8912291e
[2025-07-26T18:48:59.470Z] [INFO] [CPQ-Toolset-v3:server] 🚀 Starting GraphQL fetchers {"numberOfOrgs":2,"numberOfFetchers":4,"processPerOrg":2,"totalObjects":3,"comparisonId":"comp_1753555739466_8912291e"}
[2025-07-26T18:48:59.471Z] [INFO] [CPQ-Toolset-v3:server] 📂 Starting AppendWriter process...
[2025-07-26T18:48:59.475Z] [INFO] [CPQ-Toolset-v3:server] 🔄 Spawned GraphQL fetcher {"org":"ad1","index":0,"objectCount":2,"fetcherIndex":"ad1_0"}
[2025-07-26T18:48:59.476Z] [INFO] [CPQ-Toolset-v3:server] 🔄 Spawned GraphQL fetcher {"org":"ad1","index":1,"objectCount":1,"fetcherIndex":"ad1_1"}
[2025-07-26T18:48:59.477Z] [INFO] [CPQ-Toolset-v3:server] 🔄 Spawned GraphQL fetcher {"org":"brave","index":0,"objectCount":2,"fetcherIndex":"brave_0"}
[2025-07-26T18:48:59.477Z] [INFO] [CPQ-Toolset-v3:server] 🔄 Spawned GraphQL fetcher {"org":"brave","index":1,"objectCount":1,"fetcherIndex":"brave_1"}
[2025-07-26T18:48:59.478Z] [INFO] [CPQ-Toolset-v3:server] POST /data-comparison/api/comparison/start 200 - 13ms {"method":"POST","url":"/data-comparison/api/comparison/start","statusCode":200,"duration":13,"ip":"::1","responseSize":173}
[2025-07-26T18:48:59.501Z] [INFO] [CPQ-Toolset-v3:server] Component comparisonStatus: hasExternalScript=false, jsLength=26702
[2025-07-26T18:48:59.501Z] [INFO] [CPQ-Toolset-v3:server] GET /data-comparison/comparison-status?comparisonId=comp_1753555739466_8912291e 200 - 3ms {"method":"GET","url":"/data-comparison/comparison-status?comparisonId=comp_1753555739466_8912291e","statusCode":200,"duration":3,"ip":"::1","responseSize":48988}
[2025-07-26T18:48:59.530Z] [INFO] [CPQ-Toolset-v3:server] GET /shared/assets/slds/styles/salesforce-lightning-design-system.min.css 200 - 4ms {"method":"GET","url":"/shared/assets/slds/styles/salesforce-lightning-design-system.min.css","statusCode":200,"duration":4,"ip":"::1","responseSize":873772}
[2025-07-26T18:48:59.535Z] [INFO] [CPQ-Toolset-v3:server] GET /shared/assets/spinner-fix.css 200 - 1ms {"method":"GET","url":"/shared/assets/spinner-fix.css","statusCode":200,"duration":1,"ip":"::1","responseSize":1167}
[2025-07-26T18:48:59.536Z] [INFO] [CPQ-Toolset-v3:server] GET /data-comparison/components/comparisonStatus/index.css 200 - 1ms {"method":"GET","url":"/data-comparison/components/comparisonStatus/index.css","statusCode":200,"duration":1,"ip":"::1","responseSize":7865}
[2025-07-26T18:48:59.558Z] [INFO] [CPQ-Toolset-v3:server] 🌀 Buffer AppendWriter started {"baseDir":"/Users/aviraldhodi/Downloads/Extension 2/apps/data-comparison/storage/data-extract","comparisonId":"comp_1753555739466_8912291e","pid":72351}
[2025-07-26T18:48:59.562Z] [INFO] [CPQ-Toolset-v3:server] 👀 Watching buffer directory for incoming files... {"bufferDir":"/Users/aviraldhodi/Downloads/Extension 2/apps/data-comparison/storage/data-extract/comp_1753555739466_8912291e/.buffers"}
[2025-07-26T18:48:59.562Z] [INFO] [CPQ-Toolset-v3:server] 🚀 GraphQL Fetcher started {"orgUsername":"brave","comparisonId":"comp_1753555739466_8912291e","objectCount":1,"fetcherId":"brave_1"}
[2025-07-26T18:48:59.562Z] [INFO] [CPQ-Toolset-v3:server] 🚀 GraphQL Fetcher started {"orgUsername":"ad1","comparisonId":"comp_1753555739466_8912291e","objectCount":2,"fetcherId":"ad1_0"}
[2025-07-26T18:48:59.562Z] [INFO] [CPQ-Toolset-v3:server] 🚀 GraphQL Fetcher started {"orgUsername":"ad1","comparisonId":"comp_1753555739466_8912291e","objectCount":1,"fetcherId":"ad1_1"}
[2025-07-26T18:48:59.563Z] [INFO] [CPQ-Toolset-v3:server] 🚀 GraphQL Fetcher started {"orgUsername":"brave","comparisonId":"comp_1753555739466_8912291e","objectCount":2,"fetcherId":"brave_0"}
[2025-07-26T18:48:59.580Z] [INFO] [CPQ-Toolset-v3:server] GET /shared/assets/slds/icons/standard-sprite/svg/symbols.svg 200 - 3ms {"method":"GET","url":"/shared/assets/slds/icons/standard-sprite/svg/symbols.svg","statusCode":200,"duration":3,"ip":"::1","responseSize":375836}
[2025-07-26T18:48:59.582Z] [INFO] [CPQ-Toolset-v3:server] GET /shared/assets/slds/icons/utility-sprite/svg/symbols.svg 200 - 2ms {"method":"GET","url":"/shared/assets/slds/icons/utility-sprite/svg/symbols.svg","statusCode":200,"duration":2,"ip":"::1","responseSize":345898}
[2025-07-26T18:48:59.587Z] [INFO] [CPQ-Toolset-v3:server] GET /data-comparison/api/comparison/status/comp_1753555739466_8912291e 200 - 1ms {"method":"GET","url":"/data-comparison/api/comparison/status/comp_1753555739466_8912291e","statusCode":200,"duration":1,"ip":"::1","responseSize":324}
[2025-07-26T18:49:01.586Z] [INFO] [CPQ-Toolset-v3:server] GET /data-comparison/api/comparison/status/comp_1753555739466_8912291e 200 - 1ms {"method":"GET","url":"/data-comparison/api/comparison/status/comp_1753555739466_8912291e","statusCode":200,"duration":1,"ip":"::1","responseSize":324}
[2025-07-26T18:49:01.604Z] [INFO] [CPQ-Toolset-v3:server] GET /shared/assets/slds/icons/standard-sprite/svg/symbols.svg 200 - 1ms {"method":"GET","url":"/shared/assets/slds/icons/standard-sprite/svg/symbols.svg","statusCode":200,"duration":1,"ip":"::1","responseSize":375836}
[2025-07-26T18:49:02.320Z] [ERROR] [CPQ-Toolset-v3:server] Failed to parse CLI JSON output {"error":"GraphQL errors: Validation error of type FieldUndefined: Field &#39;Price_Rule_Foreign_Key__c&#39; in type &#39;IDValue&#39; is undefined @ &#39;uiapi/query/SBQQ__PriceCondition__c/edges/node/SBQQ__Rule__c/Price_Rule_Foreign_Key__c&#39;","outputLength":472,"outputSample":"{\n  \"data\": {},\n  \"errors\": [\n    {\n      \"extensions\": {\n        \"ErrorType\": \"ValidationError\"\n      },\n      \"locations\": [\n        {\n          \"column\": 27,\n          \"line\": 19\n        }\n      ],\n      \"message\": \"Validation error of type FieldUndefined: Field &#39;Price_Rule_Foreign_Key__c&#39; in type &#39;IDValue&#39; is undefined @ &#39;uiapi/query/SBQQ__PriceCondition__c/edges/node/SBQQ__Rule__c/Price_Rule_Foreign_Key__c&#39;\",\n      \"paths\": []\n    }\n  ]\n}\n"}
[2025-07-26T18:49:02.320Z] [ERROR] [CPQ-Toolset-v3:server] Failed to parse CLI JSON output {"error":"GraphQL errors: Validation error of type FieldUndefined: Field &#39;Price_Rule_Foreign_Key__c&#39; in type &#39;IDValue&#39; is undefined @ &#39;uiapi/query/SBQQ__PriceCondition__c/edges/node/SBQQ__Rule__c/Price_Rule_Foreign_Key__c&#39;","outputLength":472,"outputSample":"{\n  \"data\": {},\n  \"errors\": [\n    {\n      \"extensions\": {\n        \"ErrorType\": \"ValidationError\"\n      },\n      \"locations\": [\n        {\n          \"column\": 27,\n          \"line\": 19\n        }\n      ],\n      \"message\": \"Validation error of type FieldUndefined: Field &#39;Price_Rule_Foreign_Key__c&#39; in type &#39;IDValue&#39; is undefined @ &#39;uiapi/query/SBQQ__PriceCondition__c/edges/node/SBQQ__Rule__c/Price_Rule_Foreign_Key__c&#39;\",\n      \"paths\": []\n    }\n  ]\n}\n"}
[2025-07-26T18:49:02.320Z] [ERROR] [CPQ-Toolset-v3:server] GraphQL CLI execution failed {"error":"JSON parse error: GraphQL errors: Validation error of type FieldUndefined: Field &#39;Price_Rule_Foreign_Key__c&#39; in type &#39;IDValue&#39; is undefined @ &#39;uiapi/query/SBQQ__PriceCondition__c/edges/node/SBQQ__Rule__c/Price_Rule_Foreign_Key__c&#39;","username":"brave","cursor":null}
[2025-07-26T18:49:02.320Z] [ERROR] [CPQ-Toolset-v3:server] GraphQL CLI execution failed {"error":"JSON parse error: GraphQL errors: Validation error of type FieldUndefined: Field &#39;Price_Rule_Foreign_Key__c&#39; in type &#39;IDValue&#39; is undefined @ &#39;uiapi/query/SBQQ__PriceCondition__c/edges/node/SBQQ__Rule__c/Price_Rule_Foreign_Key__c&#39;","username":"ad1","cursor":null}
[2025-07-26T18:49:02.322Z] [ERROR] [CPQ-Toolset-v3:server] ❌ Error during GraphQL fetch {"orgUsername":"ad1","objectName":"SBQQ__PriceCondition__c","cursor":null,"page":0,"error":"JSON parse error: GraphQL errors: Validation error of type FieldUndefined: Field &#39;Price_Rule_Foreign_Key__c&#39; in type &#39;IDValue&#39; is undefined @ &#39;uiapi/query/SBQQ__PriceCondition__c/edges/node/SBQQ__Rule__c/Price_Rule_Foreign_Key__c&#39;"}
[2025-07-26T18:49:02.322Z] [ERROR] [CPQ-Toolset-v3:server] ❌ Error during GraphQL fetch {"orgUsername":"brave","objectName":"SBQQ__PriceCondition__c","cursor":null,"page":0,"error":"JSON parse error: GraphQL errors: Validation error of type FieldUndefined: Field &#39;Price_Rule_Foreign_Key__c&#39; in type &#39;IDValue&#39; is undefined @ &#39;uiapi/query/SBQQ__PriceCondition__c/edges/node/SBQQ__Rule__c/Price_Rule_Foreign_Key__c&#39;"}
[2025-07-26T18:49:02.322Z] [INFO] [CPQ-Toolset-v3:server] ✅ Finished fetching object {"objectName":"SBQQ__PriceCondition__c","totalRecords":0,"pages":0}
[2025-07-26T18:49:02.322Z] [INFO] [CPQ-Toolset-v3:server] ✅ Finished fetching object {"objectName":"SBQQ__PriceCondition__c","totalRecords":0,"pages":0}
[2025-07-26T18:49:02.326Z] [INFO] [CPQ-Toolset-v3:server] 📄 GraphQL page fetched {"orgUsername":"brave","objectName":"SBQQ__PriceRule__c","page":1,"bufferFile":"/Users/aviraldhodi/Downloads/Extension 2/apps/data-comparison/storage/data-extract/comp_1753555739466_8912291e/.buffers/brave_1_0_page0_brave__SBQQ__PriceRule__c.jsonl","records":50,"totalRecords":50,"hasNextPage":false}
[2025-07-26T18:49:02.326Z] [INFO] [CPQ-Toolset-v3:server] ✅ Finished fetching object {"objectName":"SBQQ__PriceRule__c","totalRecords":50,"pages":1}
[2025-07-26T18:49:02.327Z] [INFO] [CPQ-Toolset-v3:server] 🏁 GraphQL Fetcher finished successfully {"fetcherId":"brave_1","orgUsername":"brave"}
[2025-07-26T18:49:02.326Z] [INFO] [CPQ-Toolset-v3:server] 📄 GraphQL page fetched {"orgUsername":"ad1","objectName":"SBQQ__PriceRule__c","page":1,"bufferFile":"/Users/aviraldhodi/Downloads/Extension 2/apps/data-comparison/storage/data-extract/comp_1753555739466_8912291e/.buffers/ad1_1_0_page0_ad1__SBQQ__PriceRule__c.jsonl","records":51,"totalRecords":51,"hasNextPage":false}
[2025-07-26T18:49:02.327Z] [INFO] [CPQ-Toolset-v3:server] ✅ Finished fetching object {"objectName":"SBQQ__PriceRule__c","totalRecords":51,"pages":1}
[2025-07-26T18:49:02.328Z] [INFO] [CPQ-Toolset-v3:server] 🏁 GraphQL Fetcher finished successfully {"fetcherId":"ad1_1","orgUsername":"ad1"}
[2025-07-26T18:49:02.336Z] [INFO] [CPQ-Toolset-v3:server] ✅ Fetcher completed {"org":"brave","index":1,"fetcherIndex":"brave_1"}
[2025-07-26T18:49:02.336Z] [INFO] [CPQ-Toolset-v3:server] ✅ Fetcher completed {"org":"ad1","index":1,"fetcherIndex":"ad1_1"}
[2025-07-26T18:49:02.437Z] [INFO] [CPQ-Toolset-v3:server] ✅ Appended buffer → target {"from":"comp_1753555739466_8912291e/.buffers/ad1_1_0_page0_ad1__SBQQ__PriceRule__c.jsonl","to":"comp_1753555739466_8912291e/0_page0_ad1/SBQQ__PriceRule__c.jsonl","lines":51}
[2025-07-26T18:49:02.438Z] [INFO] [CPQ-Toolset-v3:server] ✅ Appended buffer → target {"from":"comp_1753555739466_8912291e/.buffers/brave_1_0_page0_brave__SBQQ__PriceRule__c.jsonl","to":"comp_1753555739466_8912291e/0_page0_brave/SBQQ__PriceRule__c.jsonl","lines":50}
[2025-07-26T18:49:03.583Z] [INFO] [CPQ-Toolset-v3:server] GET /data-comparison/api/comparison/status/comp_1753555739466_8912291e 200 - 0ms {"method":"GET","url":"/data-comparison/api/comparison/status/comp_1753555739466_8912291e","statusCode":200,"duration":0,"ip":"::1","responseSize":324}
[2025-07-26T18:49:03.589Z] [INFO] [CPQ-Toolset-v3:server] GET /shared/assets/slds/icons/standard-sprite/svg/symbols.svg 200 - 0ms {"method":"GET","url":"/shared/assets/slds/icons/standard-sprite/svg/symbols.svg","statusCode":200,"duration":0,"ip":"::1","responseSize":375836}
[2025-07-26T18:49:04.369Z] [ERROR] [CPQ-Toolset-v3:server] Failed to parse CLI JSON output {"error":"GraphQL errors: Validation error of type FieldUndefined: Field &#39;Price_Rule_Foreign_Key__c&#39; in type &#39;IDValue&#39; is undefined @ &#39;uiapi/query/SBQQ__PriceAction__c/edges/node/SBQQ__Rule__c/Price_Rule_Foreign_Key__c&#39;","outputLength":469,"outputSample":"{\n  \"data\": {},\n  \"errors\": [\n    {\n      \"extensions\": {\n        \"ErrorType\": \"ValidationError\"\n      },\n      \"locations\": [\n        {\n          \"column\": 27,\n          \"line\": 19\n        }\n      ],\n      \"message\": \"Validation error of type FieldUndefined: Field &#39;Price_Rule_Foreign_Key__c&#39; in type &#39;IDValue&#39; is undefined @ &#39;uiapi/query/SBQQ__PriceAction__c/edges/node/SBQQ__Rule__c/Price_Rule_Foreign_Key__c&#39;\",\n      \"paths\": []\n    }\n  ]\n}\n"}
[2025-07-26T18:49:04.372Z] [ERROR] [CPQ-Toolset-v3:server] GraphQL CLI execution failed {"error":"JSON parse error: GraphQL errors: Validation error of type FieldUndefined: Field &#39;Price_Rule_Foreign_Key__c&#39; in type &#39;IDValue&#39; is undefined @ &#39;uiapi/query/SBQQ__PriceAction__c/edges/node/SBQQ__Rule__c/Price_Rule_Foreign_Key__c&#39;","username":"ad1","cursor":null}
[2025-07-26T18:49:04.372Z] [ERROR] [CPQ-Toolset-v3:server] ❌ Error during GraphQL fetch {"orgUsername":"ad1","objectName":"SBQQ__PriceAction__c","cursor":null,"page":0,"error":"JSON parse error: GraphQL errors: Validation error of type FieldUndefined: Field &#39;Price_Rule_Foreign_Key__c&#39; in type &#39;IDValue&#39; is undefined @ &#39;uiapi/query/SBQQ__PriceAction__c/edges/node/SBQQ__Rule__c/Price_Rule_Foreign_Key__c&#39;"}
[2025-07-26T18:49:04.373Z] [INFO] [CPQ-Toolset-v3:server] ✅ Finished fetching object {"objectName":"SBQQ__PriceAction__c","totalRecords":0,"pages":0}
[2025-07-26T18:49:04.373Z] [INFO] [CPQ-Toolset-v3:server] 🏁 GraphQL Fetcher finished successfully {"fetcherId":"ad1_0","orgUsername":"ad1"}
[2025-07-26T18:49:04.377Z] [INFO] [CPQ-Toolset-v3:server] ✅ Fetcher completed {"org":"ad1","index":0,"fetcherIndex":"ad1_0"}
[2025-07-26T18:49:04.785Z] [ERROR] [CPQ-Toolset-v3:server] Failed to parse CLI JSON output {"error":"GraphQL errors: Validation error of type FieldUndefined: Field &#39;Price_Rule_Foreign_Key__c&#39; in type &#39;IDValue&#39; is undefined @ &#39;uiapi/query/SBQQ__PriceAction__c/edges/node/SBQQ__Rule__c/Price_Rule_Foreign_Key__c&#39;","outputLength":469,"outputSample":"{\n  \"data\": {},\n  \"errors\": [\n    {\n      \"extensions\": {\n        \"ErrorType\": \"ValidationError\"\n      },\n      \"locations\": [\n        {\n          \"column\": 27,\n          \"line\": 19\n        }\n      ],\n      \"message\": \"Validation error of type FieldUndefined: Field &#39;Price_Rule_Foreign_Key__c&#39; in type &#39;IDValue&#39; is undefined @ &#39;uiapi/query/SBQQ__PriceAction__c/edges/node/SBQQ__Rule__c/Price_Rule_Foreign_Key__c&#39;\",\n      \"paths\": []\n    }\n  ]\n}\n"}
[2025-07-26T18:49:04.785Z] [ERROR] [CPQ-Toolset-v3:server] GraphQL CLI execution failed {"error":"JSON parse error: GraphQL errors: Validation error of type FieldUndefined: Field &#39;Price_Rule_Foreign_Key__c&#39; in type &#39;IDValue&#39; is undefined @ &#39;uiapi/query/SBQQ__PriceAction__c/edges/node/SBQQ__Rule__c/Price_Rule_Foreign_Key__c&#39;","username":"brave","cursor":null}
[2025-07-26T18:49:04.785Z] [ERROR] [CPQ-Toolset-v3:server] ❌ Error during GraphQL fetch {"orgUsername":"brave","objectName":"SBQQ__PriceAction__c","cursor":null,"page":0,"error":"JSON parse error: GraphQL errors: Validation error of type FieldUndefined: Field &#39;Price_Rule_Foreign_Key__c&#39; in type &#39;IDValue&#39; is undefined @ &#39;uiapi/query/SBQQ__PriceAction__c/edges/node/SBQQ__Rule__c/Price_Rule_Foreign_Key__c&#39;"}
[2025-07-26T18:49:04.785Z] [INFO] [CPQ-Toolset-v3:server] ✅ Finished fetching object {"objectName":"SBQQ__PriceAction__c","totalRecords":0,"pages":0}
[2025-07-26T18:49:04.786Z] [INFO] [CPQ-Toolset-v3:server] 🏁 GraphQL Fetcher finished successfully {"fetcherId":"brave_0","orgUsername":"brave"}
[2025-07-26T18:49:04.788Z] [INFO] [CPQ-Toolset-v3:server] ✅ Fetcher completed {"org":"brave","index":0,"fetcherIndex":"brave_0"}
[2025-07-26T18:49:04.788Z] [INFO] [CPQ-Toolset-v3:server] ✅ All GraphQL fetchers completed
[2025-07-26T18:49:04.788Z] [INFO] [CPQ-Toolset-v3:server] ⏳ Waiting for AppendWriter to process remaining buffers...
[2025-07-26T18:49:04.788Z] [INFO] [CPQ-Toolset-v3:server] ✅ Buffer directory is clear
[2025-07-26T18:49:04.788Z] [INFO] [CPQ-Toolset-v3:server] ✅ All buffers processed
[2025-07-26T18:49:04.789Z] [INFO] [CPQ-Toolset-v3:server] 🛑 Received SIGTERM, shutting down gracefully...
[2025-07-26T18:49:05.585Z] [INFO] [CPQ-Toolset-v3:server] GET /data-comparison/api/comparison/status/comp_1753555739466_8912291e 200 - 0ms {"method":"GET","url":"/data-comparison/api/comparison/status/comp_1753555739466_8912291e","statusCode":200,"duration":0,"ip":"::1","responseSize":324}
[2025-07-26T18:49:05.604Z] [INFO] [CPQ-Toolset-v3:server] GET /shared/assets/slds/icons/standard-sprite/svg/symbols.svg 200 - 2ms {"method":"GET","url":"/shared/assets/slds/icons/standard-sprite/svg/symbols.svg","statusCode":200,"duration":2,"ip":"::1","responseSize":375836}
[2025-07-26T18:49:05.788Z] [INFO] [CPQ-Toolset-v3:server] 🏁 All GraphQL fetchers and AppendWriter completed successfully
[2025-07-26T18:49:05.789Z] [INFO] [CPQ-Toolset-v3:server] Running duplicate foreign key detection for comp_1753555739466_8912291e
[2025-07-26T18:49:06.043Z] [INFO] [CPQ-Toolset-v3:server] Python environment initialized: 3.13.5
[2025-07-26T18:49:06.204Z] [WARN] [CPQ-Toolset-v3:server] Python stderr: 2025-07-27 00:19:06,204 - INFO - Found foreign key for SBQQ__PriceCondition__c: Price_Condition_Foreign_Key__c
[2025-07-26T18:49:06.204Z] [WARN] [CPQ-Toolset-v3:server] Python stderr: 2025-07-27 00:19:06,204 - INFO - Found foreign key for SBQQ__PriceAction__c: Price_Action_Foreign_Key__c
[2025-07-26T18:49:06.204Z] [WARN] [CPQ-Toolset-v3:server] Python stderr: 2025-07-27 00:19:06,204 - INFO - Found foreign key for SBQQ__PriceRule__c: Price_Rule_Foreign_Key__c
[2025-07-26T18:49:06.204Z] [WARN] [CPQ-Toolset-v3:server] Python stderr: 2025-07-27 00:19:06,204 - INFO - Extracted 3 foreign key mappings from config
[2025-07-26T18:49:06.204Z] [WARN] [CPQ-Toolset-v3:server] Python stderr: 2025-07-27 00:19:06,204 - INFO - Starting duplicate foreign key detection across all orgs
[2025-07-26T18:49:06.204Z] [WARN] [CPQ-Toolset-v3:server] Python stderr: 2025-07-27 00:19:06,204 - INFO - Processing org: 0_page0_brave
[2025-07-26T18:49:06.204Z] [WARN] [CPQ-Toolset-v3:server] Python stderr: 2025-07-27 00:19:06,204 - WARNING - JSONL file not found: /Users/aviraldhodi/Downloads/Extension 2/apps/data-comparison/storage/data-extract/comp_1753555739466_8912291e/0_page0_brave/SBQQ__PriceCondition__c.jsonl
[2025-07-26T18:49:06.204Z] [WARN] [CPQ-Toolset-v3:server] Python stderr: 2025-07-27 00:19:06,204 - WARNING - JSONL file not found: /Users/aviraldhodi/Downloads/Extension 2/apps/data-comparison/storage/data-extract/comp_1753555739466_8912291e/0_page0_brave/SBQQ__PriceAction__c.jsonl
[2025-07-26T18:49:06.204Z] [WARN] [CPQ-Toolset-v3:server] Python stderr: 2025-07-27 00:19:06,204 - INFO - Checking duplicates in 0_page0_brave/SBQQ__PriceRule__c
[2025-07-26T18:49:06.205Z] [WARN] [CPQ-Toolset-v3:server] Python stderr: 2025-07-27 00:19:06,204 - INFO - No duplicates found in 0_page0_brave/SBQQ__PriceRule__c
[2025-07-26T18:49:06.205Z] [WARN] [CPQ-Toolset-v3:server] Python stderr: 2025-07-27 00:19:06,204 - INFO - No duplicates found in org 0_page0_brave
[2025-07-26T18:49:06.205Z] [WARN] [CPQ-Toolset-v3:server] Python stderr: 2025-07-27 00:19:06,204 - INFO - Processing org: 0_page0_ad1
[2025-07-26T18:49:06.205Z] [WARN] [CPQ-Toolset-v3:server] Python stderr: 2025-07-27 00:19:06,204 - WARNING - JSONL file not found: /Users/aviraldhodi/Downloads/Extension 2/apps/data-comparison/storage/data-extract/comp_1753555739466_8912291e/0_page0_ad1/SBQQ__PriceCondition__c.jsonl
[2025-07-26T18:49:06.205Z] [WARN] [CPQ-Toolset-v3:server] Python stderr: 2025-07-27 00:19:06,204 - WARNING - JSONL file not found: /Users/aviraldhodi/Downloads/Extension 2/apps/data-comparison/storage/data-extract/comp_1753555739466_8912291e/0_page0_ad1/SBQQ__PriceAction__c.jsonl
[2025-07-26T18:49:06.205Z] [WARN] [CPQ-Toolset-v3:server] Python stderr: 2025-07-27 00:19:06,204 - INFO - Checking duplicates in 0_page0_ad1/SBQQ__PriceRule__c
[2025-07-26T18:49:06.205Z] [WARN] [CPQ-Toolset-v3:server] Python stderr: 2025-07-27 00:19:06,204 - WARNING - Found 1 duplicate foreign keys in 0_page0_ad1/SBQQ__PriceRule__c
[2025-07-26T18:49:06.205Z] [WARN] [CPQ-Toolset-v3:server] Python stderr: 2025-07-27 00:19:06,204 - WARNING - Found duplicates in org 0_page0_ad1: 1 objects affected
[2025-07-26T18:49:06.205Z] [WARN] [CPQ-Toolset-v3:server] Python stderr: 2025-07-27 00:19:06,205 - INFO - Duplicate report saved to: /Users/aviraldhodi/Downloads/Extension 2/apps/data-comparison/storage/data-extract/comp_1753555739466_8912291e/duplicate_fk_report.json
[2025-07-26T18:49:06.208Z] [INFO] [CPQ-Toolset-v3:server] Duplicate detection output: 2025-07-27 00:19:06,204 - INFO - Found foreign key for SBQQ__PriceCondition__c: Price_Condition_Foreign_Key__c
2025-07-27 00:19:06,204 - INFO - Found foreign key for SBQQ__PriceAction__c: Price_Action_Foreign_Key__c
2025-07-27 00:19:06,204 - INFO - Found foreign key for SBQQ__PriceRule__c: Price_Rule_Foreign_Key__c
2025-07-27 00:19:06,204 - INFO - Extracted 3 foreign key mappings from config
2025-07-27 00:19:06,204 - INFO - Starting duplicate foreign key detection across all orgs
2025-07-27 00:19:06,204 - INFO - Processing org: 0_page0_brave
2025-07-27 00:19:06,204 - WARNING - JSONL file not found: /Users/aviraldhodi/Downloads/Extension 2/apps/data-comparison/storage/data-extract/comp_1753555739466_8912291e/0_page0_brave/SBQQ__PriceCondition__c.jsonl
2025-07-27 00:19:06,204 - WARNING - JSONL file not found: /Users/aviraldhodi/Downloads/Extension 2/apps/data-comparison/storage/data-extract/comp_1753555739466_8912291e/0_page0_brave/SBQQ__PriceAction__c.jsonl
2025-07-27 00:19:06,204 - INFO - Checking duplicates in 0_page0_brave/SBQQ__PriceRule__c
2025-07-27 00:19:06,204 - INFO - No duplicates found in 0_page0_brave/SBQQ__PriceRule__c
2025-07-27 00:19:06,204 - INFO - No duplicates found in org 0_page0_brave
2025-07-27 00:19:06,204 - INFO - Processing org: 0_page0_ad1
2025-07-27 00:19:06,204 - WARNING - JSONL file not found: /Users/aviraldhodi/Downloads/Extension 2/apps/data-comparison/storage/data-extract/comp_1753555739466_8912291e/0_page0_ad1/SBQQ__PriceCondition__c.jsonl
2025-07-27 00:19:06,204 - WARNING - JSONL file not found: /Users/aviraldhodi/Downloads/Extension 2/apps/data-comparison/storage/data-extract/comp_1753555739466_8912291e/0_page0_ad1/SBQQ__PriceAction__c.jsonl
2025-07-27 00:19:06,204 - INFO - Checking duplicates in 0_page0_ad1/SBQQ__PriceRule__c
2025-07-27 00:19:06,204 - WARNING - Found 1 duplicate foreign keys in 0_page0_ad1/SBQQ__PriceRule__c
2025-07-27 00:19:06,204 - WARNING - Found duplicates in org 0_page0_ad1: 1 objects affected
2025-07-27 00:19:06,205 - INFO - Duplicate report saved to: /Users/aviraldhodi/Downloads/Extension 2/apps/data-comparison/storage/data-extract/comp_1753555739466_8912291e/duplicate_fk_report.json
[2025-07-26T18:49:06.208Z] [WARN] [CPQ-Toolset-v3:server] Duplicate foreign keys found: 1 duplicates across 1 objects
[2025-07-26T18:49:07.585Z] [INFO] [CPQ-Toolset-v3:server] GET /data-comparison/api/comparison/status/comp_1753555739466_8912291e 200 - 1ms {"method":"GET","url":"/data-comparison/api/comparison/status/comp_1753555739466_8912291e","statusCode":200,"duration":1,"ip":"::1","responseSize":4282}
[2025-07-26T18:49:07.604Z] [INFO] [CPQ-Toolset-v3:server] Component duplicateResolver: hasExternalScript=false, jsLength=16419
[2025-07-26T18:49:07.604Z] [INFO] [CPQ-Toolset-v3:server] GET /data-comparison/duplicate-resolver?comparisonId=comp_1753555739466_8912291e 200 - 4ms {"method":"GET","url":"/data-comparison/duplicate-resolver?comparisonId=comp_1753555739466_8912291e","statusCode":200,"duration":4,"ip":"::1","responseSize":31446}
[2025-07-26T18:49:07.635Z] [INFO] [CPQ-Toolset-v3:server] GET /shared/assets/slds/styles/salesforce-lightning-design-system.min.css 200 - 3ms {"method":"GET","url":"/shared/assets/slds/styles/salesforce-lightning-design-system.min.css","statusCode":200,"duration":3,"ip":"::1","responseSize":873772}
[2025-07-26T18:49:07.642Z] [INFO] [CPQ-Toolset-v3:server] GET /data-comparison/components/duplicateResolver/index.css 200 - 1ms {"method":"GET","url":"/data-comparison/components/duplicateResolver/index.css","statusCode":200,"duration":1,"ip":"::1","responseSize":4721}
[2025-07-26T18:49:07.681Z] [INFO] [CPQ-Toolset-v3:server] GET /shared/assets/slds/icons/standard-sprite/svg/symbols.svg 200 - 1ms {"method":"GET","url":"/shared/assets/slds/icons/standard-sprite/svg/symbols.svg","statusCode":200,"duration":1,"ip":"::1","responseSize":375836}
[2025-07-26T18:49:07.683Z] [INFO] [CPQ-Toolset-v3:server] GET /shared/assets/slds/icons/utility-sprite/svg/symbols.svg 200 - 1ms {"method":"GET","url":"/shared/assets/slds/icons/utility-sprite/svg/symbols.svg","statusCode":200,"duration":1,"ip":"::1","responseSize":345898}
[2025-07-26T18:49:07.685Z] [INFO] [CPQ-Toolset-v3:server] GET /data-comparison/api/comparison/comp_1753555739466_8912291e/duplicates 200 - 1ms {"method":"GET","url":"/data-comparison/api/comparison/comp_1753555739466_8912291e/duplicates","statusCode":200,"duration":1,"ip":"::1","responseSize":1881}
[2025-07-26T18:49:07.719Z] [INFO] [CPQ-Toolset-v3:server] GET /shared/assets/slds/icons/utility-sprite/svg/symbols.svg 200 - 1ms {"method":"GET","url":"/shared/assets/slds/icons/utility-sprite/svg/symbols.svg","statusCode":200,"duration":1,"ip":"::1","responseSize":345898}
